// Jest Snapshot v1, https://goo.gl/fbAQLP

exports[`CodeEditor 1`] = `
<DocumentFragment>
  <div
    class="codeeditor"
  />
</DocumentFragment>
`;
