// Jest Snapshot v1, https://goo.gl/fbAQLP

exports[`ValueEditor 1`] = `
<DocumentFragment>
  <span
    class="inline-input"
    tabindex="0"
  >
    hello world
  </span>
</DocumentFragment>
`;
